[    0.000000] Linux version 4.15.0-124-generic (buildd@lgw01-amd64-029) (gcc version 7.5.0 (Ubuntu 7.5.0-3ubuntu1~18.04)) #127-Ubuntu SMP Fri Nov 6 10:54:43 UTC 2020 (Ubuntu 4.15.0-124.127-generic 4.15.18)
[    0.000000] Command line: BOOT_IMAGE=/boot/vmlinuz-4.15.0-124-generic root=LABEL=cloudimg-rootfs ro console=tty1 console=ttyS0
[    0.000000] KERNEL supported cpus:
[    0.000000]   Intel GenuineIntel
[    0.000000]   AMD AuthenticAMD
[    0.000000]   Centaur CentaurHauls
[    0.000000] x86/fpu: Supporting XSAVE feature 0x001: 'x87 floating point registers'
[    0.000000] x86/fpu: Supporting XSAVE feature 0x002: 'SSE registers'
[    0.000000] x86/fpu: Supporting XSAVE feature 0x004: 'AVX registers'
[    0.000000] x86/fpu: xstate_offset[2]:  576, xstate_sizes[2]:  256
[    0.000000] x86/fpu: Enabled xstate features 0x7, context size is 832 bytes, using 'standard' format.
[    0.000000] e820: BIOS-provided physical RAM map:
[    0.000000] BIOS-e820: [mem 0x0000000000000000-0x000000000009fbff] usable
[    0.000000] BIOS-e820: [mem 0x000000000009fc00-0x000000000009ffff] reserved
[    0.000000] BIOS-e820: [mem 0x00000000000f0000-0x00000000000fffff] reserved
[    0.000000] BIOS-e820: [mem 0x0000000000100000-0x000000003ffeffff] usable
[    0.000000] BIOS-e820: [mem 0x000000003fff0000-0x000000003fffffff] ACPI data
[    0.000000] BIOS-e820: [mem 0x00000000fec00000-0x00000000fec00fff] reserved
[    0.000000] BIOS-e820: [mem 0x00000000fee00000-0x00000000fee00fff] reserved
[    0.000000] BIOS-e820: [mem 0x00000000fffc0000-0x00000000ffffffff] reserved
[    0.000000] NX (Execute Disable) protection: active
[    0.000000] SMBIOS 2.5 present.
[    0.000000] DMI: innotek GmbH VirtualBox/VirtualBox, BIOS VirtualBox 12/01/2006
[    0.000000] Hypervisor detected: KVM
[    0.000000] e820: last_pfn = 0x3fff0 max_arch_pfn = 0x400000000
[    0.000000] MTRR: Disabled
[    0.000000] x86/PAT: MTRRs disabled, skipping PAT initialization too.
[    0.000000] CPU MTRRs all blank - virtualized system.
[    0.000000] x86/PAT: Configuration [0-7]: WB  WT  UC- UC  WB  WT  UC- UC  
[    0.000000] found SMP MP-table at [mem 0x0009fff0-0x0009ffff]
[    0.000000] Scanning 1 areas for low memory corruption
[    0.000000] RAMDISK: [mem 0x35a67000-0x36d2afff]
[    0.000000] ACPI: Early table checksum verification disabled
[    0.000000] ACPI: RSDP 0x00000000000E0000 000024 (v02 VBOX  )
[    0.000000] ACPI: XSDT 0x000000003FFF0030 00003C (v01 VBOX   VBOXXSDT 00000001 ASL  00000061)
[    0.000000] ACPI: FACP 0x000000003FFF00F0 0000F4 (v04 VBOX   VBOXFACP 00000001 ASL  00000061)
[    0.000000] ACPI: DSDT 0x000000003FFF0470 002325 (v02 VBOX   VBOXBIOS 00000002 INTL 20100528)
[    0.000000] ACPI: FACS 0x000000003FFF0200 000040
[    0.000000] ACPI: FACS 0x000000003FFF0200 000040
[    0.000000] ACPI: APIC 0x000000003FFF0240 00005C (v02 VBOX   VBOXAPIC 00000001 ASL  00000061)
[    0.000000] ACPI: SSDT 0x000000003FFF02A0 0001CC (v01 VBOX   VBOXCPUT 00000002 INTL 20100528)
[    0.000000] No NUMA configuration found
[    0.000000] Faking a node at [mem 0x0000000000000000-0x000000003ffeffff]
[    0.000000] NODE_DATA(0) allocated [mem 0x3ffc5000-0x3ffeffff]
[    0.000000] kvm-clock: cpu 0, msr 0:3ff44001, primary cpu clock
[    0.000000] kvm-clock: Using msrs 4b564d01 and 4b564d00
[    0.000000] kvm-clock: using sched offset of 7282485572 cycles
[    0.000000] clocksource: kvm-clock: mask: 0xffffffffffffffff max_cycles: 0x1cd42e4dffb, max_idle_ns: 881590591483 ns
[    0.000000] Zone ranges:
[    0.000000]   DMA      [mem 0x0000000000001000-0x0000000000ffffff]
[    0.000000]   DMA32    [mem 0x0000000001000000-0x000000003ffeffff]
[    0.000000]   Normal   empty
[    0.000000]   Device   empty
[    0.000000] Movable zone start for each node
[    0.000000] Early memory node ranges
[    0.000000]   node   0: [mem 0x0000000000001000-0x000000000009efff]
[    0.000000]   node   0: [mem 0x0000000000100000-0x000000003ffeffff]
[    0.000000] Reserved but unavailable: 98 pages
[    0.000000] Initmem setup node 0 [mem 0x0000000000001000-0x000000003ffeffff]
[    0.000000] ACPI: PM-Timer IO Port: 0x4008
[    0.000000] IOAPIC[0]: apic_id 2, version 32, address 0xfec00000, GSI 0-23
[    0.000000] ACPI: INT_SRC_OVR (bus 0 bus_irq 0 global_irq 2 dfl dfl)
[    0.000000] ACPI: INT_SRC_OVR (bus 0 bus_irq 9 global_irq 9 low level)
[    0.000000] Using ACPI (MADT) for SMP configuration information
[    0.000000] smpboot: Allowing 2 CPUs, 0 hotplug CPUs
[    0.000000] PM: Registered nosave memory: [mem 0x00000000-0x00000fff]
[    0.000000] PM: Registered nosave memory: [mem 0x0009f000-0x0009ffff]
[    0.000000] PM: Registered nosave memory: [mem 0x000a0000-0x000effff]
[    0.000000] PM: Registered nosave memory: [mem 0x000f0000-0x000fffff]
[    0.000000] e820: [mem 0x40000000-0xfebfffff] available for PCI devices
[    0.000000] Booting paravirtualized kernel on KVM
[    0.000000] clocksource: refined-jiffies: mask: 0xffffffff max_cycles: 0xffffffff, max_idle_ns: 7645519600211568 ns
[    0.000000] random: get_random_bytes called from start_kernel+0x99/0x500 with crng_init=0
[    0.000000] setup_percpu: NR_CPUS:8192 nr_cpumask_bits:2 nr_cpu_ids:2 nr_node_ids:1
[    0.000000] percpu: Embedded 45 pages/cpu s147456 r8192 d28672 u1048576
[    0.000000] PV qspinlock hash table entries: 256 (order: 0, 4096 bytes)
[    0.000000] Built 1 zonelists, mobility grouping on.  Total pages: 257913
[    0.000000] Policy zone: DMA32
[    0.000000] Kernel command line: BOOT_IMAGE=/boot/vmlinuz-4.15.0-124-generic root=LABEL=cloudimg-rootfs ro console=tty1 console=ttyS0
[    0.000000] Memory: 983032K/1048120K available (12300K kernel code, 2482K rwdata, 4272K rodata, 2436K init, 2724K bss, 65088K reserved, 0K cma-reserved)
[    0.000000] SLUB: HWalign=64, Order=0-3, MinObjects=0, CPUs=2, Nodes=1
[    0.000000] Kernel/User page tables isolation: enabled
[    0.000000] ftrace: allocating 39402 entries in 154 pages
[    0.004000] Hierarchical RCU implementation.
[    0.004000] 	RCU restricting CPUs from NR_CPUS=8192 to nr_cpu_ids=2.
[    0.004000] 	Tasks RCU enabled.
[    0.004000] RCU: Adjusting geometry for rcu_fanout_leaf=16, nr_cpu_ids=2
[    0.004000] NR_IRQS: 524544, nr_irqs: 440, preallocated irqs: 16
[    0.004000] Console: colour VGA+ 80x25
[    0.004000] console [tty1] enabled
[    0.004000] console [ttyS0] enabled
[    0.004000] ACPI: Core revision 20170831
[    0.004000] ACPI: 2 ACPI AML tables successfully acquired and loaded
[    0.004000] APIC: Switch to symmetric I/O mode setup
[    0.004000] x2apic enabled
[    0.004000] Switched APIC routing to physical x2apic.
[    0.007707] ..TIMER: vector=0x30 apic1=0 pin1=2 apic2=-1 pin2=-1
[    0.008019] tsc: Detected 2591.998 MHz processor
[    0.012039] Calibrating delay loop (skipped) preset value.. 5183.99 BogoMIPS (lpj=10367992)
[    0.013967] pid_max: default: 32768 minimum: 301
[    0.016044] Security Framework initialized
[    0.017074] Yama: becoming mindful.
[    0.018131] AppArmor: AppArmor initialized
[    0.024000] Dentry cache hash table entries: 131072 (order: 8, 1048576 bytes)
[    0.024143] Inode-cache hash table entries: 65536 (order: 7, 524288 bytes)
[    0.028034] Mount-cache hash table entries: 2048 (order: 2, 16384 bytes)
[    0.030070] Mountpoint-cache hash table entries: 2048 (order: 2, 16384 bytes)
[    0.032337] Last level iTLB entries: 4KB 64, 2MB 8, 4MB 8
[    0.033646] Last level dTLB entries: 4KB 64, 2MB 0, 4MB 0, 1GB 4
[    0.035454] Spectre V1 : Mitigation: usercopy/swapgs barriers and __user pointer sanitization
[    0.036042] Spectre V2 : Mitigation: Full generic retpoline
[    0.037648] Spectre V2 : Spectre v2 / SpectreRSB mitigation: Filling RSB on context switch
[    0.040003] Speculative Store Bypass: Vulnerable
[    0.041006] SRBDS: Unknown: Dependent on hypervisor status
[    0.042207] MDS: Mitigation: Clear CPU buffers
[    0.044363] Freeing SMP alternatives memory: 36K
[    0.160000] smpboot: CPU0: Intel(R) Core(TM) i7-6700HQ CPU @ 2.60GHz (family: 0x6, model: 0x5e, stepping: 0x3)
[    0.160000] Performance Events: unsupported p6 CPU model 94 no PMU driver, software events only.
[    0.160071] Hierarchical SRCU implementation.
[    0.162176] NMI watchdog: Perf event create on CPU 0 failed with -2
[    0.164008] NMI watchdog: Perf NMI watchdog permanently disabled
[    0.165674] smp: Bringing up secondary CPUs ...
[    0.168312] x86: Booting SMP configuration:
[    0.169611] .... node  #0, CPUs:      #1
[    0.004000] kvm-clock: cpu 1, msr 0:3ff44041, secondary cpu clock
[    0.175045] smp: Brought up 1 node, 2 CPUs
[    0.176009] smpboot: Max logical packages: 1
[    0.177664] smpboot: Total of 2 processors activated (10367.99 BogoMIPS)
[    0.180171] devtmpfs: initialized
[    0.181025] x86/mm: Memory block size: 128MB
[    0.182963] evm: security.selinux
[    0.184036] evm: security.SMACK64
[    0.184888] evm: security.SMACK64EXEC
[    0.185961] evm: security.SMACK64TRANSMUTE
[    0.188003] evm: security.SMACK64MMAP
[    0.188646] evm: security.apparmor
[    0.189312] evm: security.ima
[    0.190182] evm: security.capability
[    0.191122] clocksource: jiffies: mask: 0xffffffff max_cycles: 0xffffffff, max_idle_ns: 7645041785100000 ns
[    0.192083] futex hash table entries: 512 (order: 3, 32768 bytes)
[    0.199429] pinctrl core: initialized pinctrl subsystem
[    0.200115] RTC time: 11:00:58, date: 11/30/20
[    0.201459] NET: Registered protocol family 16
[    0.202726] audit: initializing netlink subsys (disabled)
[    0.204038] audit: type=2000 audit(1606734067.615:1): state=initialized audit_enabled=0 res=1
[    0.205823] cpuidle: using governor ladder
[    0.205823] cpuidle: using governor menu
[    0.208113] ACPI: bus type PCI registered
[    0.209129] acpiphp: ACPI Hot Plug PCI Controller Driver version: 0.5
[    0.211179] PCI: Using configuration type 1 for base access
[    0.212978] HugeTLB registered 2.00 MiB page size, pre-allocated 0 pages
[    0.216730] ACPI: Added _OSI(Module Device)
[    0.220032] ACPI: Added _OSI(Processor Device)
[    0.221179] ACPI: Added _OSI(3.0 _SCP Extensions)
[    0.222277] ACPI: Added _OSI(Processor Aggregator Device)
[    0.224013] ACPI: Added _OSI(Linux-Dell-Video)
[    0.224991] ACPI: Added _OSI(Linux-Lenovo-NV-HDMI-Audio)
[    0.227242] ACPI: Added _OSI(Linux-HPI-Hybrid-Graphics)
[    0.228462] ACPI: Executed 1 blocks of module-level executable AML code
[    0.237989] ACPI: Interpreter enabled
[    0.240161] ACPI: (supports S0 S5)
[    0.241924] ACPI: Using IOAPIC for interrupt routing
[    0.244411] PCI: Using host bridge windows from ACPI; if necessary, use "pci=nocrs" and report a bug
[    0.247632] ACPI: Enabled 2 GPEs in block 00 to 07
[    0.262682] ACPI: PCI Root Bridge [PCI0] (domain 0000 [bus 00-ff])
[    0.264029] acpi PNP0A03:00: _OSC: OS supports [ASPM ClockPM Segments MSI]
[    0.265811] acpi PNP0A03:00: _OSC: not requesting OS control; OS requires [ExtendedConfig ASPM ClockPM MSI]
[    0.268145] acpi PNP0A03:00: fail to add MMCONFIG information, can't access extended PCI configuration space under this bridge.
[    0.272479] PCI host bridge to bus 0000:00
[    0.273634] pci_bus 0000:00: root bus resource [io  0x0000-0x0cf7 window]
[    0.275080] pci_bus 0000:00: root bus resource [io  0x0d00-0xffff window]
[    0.276055] pci_bus 0000:00: root bus resource [mem 0x000a0000-0x000bffff window]
[    0.279166] pci_bus 0000:00: root bus resource [mem 0x40000000-0xfdffffff window]
[    0.280042] pci_bus 0000:00: root bus resource [bus 00-ff]
[    0.290725] pci 0000:00:01.1: legacy IDE quirk: reg 0x10: [io  0x01f0-0x01f7]
[    0.292016] pci 0000:00:01.1: legacy IDE quirk: reg 0x14: [io  0x03f6]
[    0.293754] pci 0000:00:01.1: legacy IDE quirk: reg 0x18: [io  0x0170-0x0177]
[    0.296012] pci 0000:00:01.1: legacy IDE quirk: reg 0x1c: [io  0x0376]
[    0.355257] pci 0000:00:07.0: quirk: [io  0x4000-0x403f] claimed by PIIX4 ACPI
[    0.356035] pci 0000:00:07.0: quirk: [io  0x4100-0x410f] claimed by PIIX4 SMB
[    0.417269] ACPI: PCI Interrupt Link [LNKA] (IRQs 5 9 10 *11)
[    0.422040] ACPI: PCI Interrupt Link [LNKB] (IRQs 5 9 *10 11)
[    0.424087] ACPI: PCI Interrupt Link [LNKC] (IRQs 5 *9 10 11)
[    0.425765] ACPI: PCI Interrupt Link [LNKD] (IRQs 5 9 10 *11)
[    0.428444] SCSI subsystem initialized
[    0.430217] pci 0000:00:02.0: vgaarb: setting as boot VGA device
[    0.430217] pci 0000:00:02.0: vgaarb: VGA device added: decodes=io+mem,owns=io+mem,locks=none
[    0.432065] pci 0000:00:02.0: vgaarb: bridge control possible
[    0.436041] vgaarb: loaded
[    0.440103] ACPI: bus type USB registered
[    0.441028] usbcore: registered new interface driver usbfs
[    0.442335] usbcore: registered new interface driver hub
[    0.444125] usbcore: registered new device driver usb
[    0.445914] EDAC MC: Ver: 3.0.0
[    0.445914] PCI: Using ACPI for IRQ routing
[    0.448431] NetLabel: Initializing
[    0.449374] NetLabel:  domain hash size = 128
[    0.450824] NetLabel:  protocols = UNLABELED CIPSOv4 CALIPSO
[    0.452152] NetLabel:  unlabeled traffic allowed by default
[    0.456184] clocksource: Switched to clocksource kvm-clock
[    0.491690] VFS: Disk quotas dquot_6.6.0
[    0.494394] VFS: Dquot-cache hash table entries: 512 (order 0, 4096 bytes)
[    0.496742] AppArmor: AppArmor Filesystem Enabled
[    0.497848] pnp: PnP ACPI init
[    0.500037] pnp: PnP ACPI: found 3 devices
[    0.514984] clocksource: acpi_pm: mask: 0xffffff max_cycles: 0xffffff, max_idle_ns: 2085701024 ns
[    0.518764] NET: Registered protocol family 2
[    0.521003] TCP established hash table entries: 8192 (order: 4, 65536 bytes)
[    0.522483] TCP bind hash table entries: 8192 (order: 5, 131072 bytes)
[    0.527504] TCP: Hash tables configured (established 8192 bind 8192)
[    0.529501] UDP hash table entries: 512 (order: 2, 16384 bytes)
[    0.531339] UDP-Lite hash table entries: 512 (order: 2, 16384 bytes)
[    0.534123] NET: Registered protocol family 1
[    0.535827] pci 0000:00:00.0: Limiting direct PCI/PCI transfers
[    0.537826] pci 0000:00:01.0: Activating ISA DMA hang workarounds
[    0.539379] pci 0000:00:02.0: Video device with shadowed ROM at [mem 0x000c0000-0x000dffff]
[    0.541316] Unpacking initramfs...
[    1.021072] Freeing initrd memory: 19216K
[    1.022342] clocksource: tsc: mask: 0xffffffffffffffff max_cycles: 0x255cb518234, max_idle_ns: 440795279333 ns
[    1.025159] platform rtc_cmos: registered platform RTC device (no PNP device found)
[    1.028226] Scanning for low memory corruption every 60 seconds
[    1.032109] Initialise system trusted keyrings
[    1.033212] Key type blacklist registered
[    1.034344] workingset: timestamp_bits=36 max_order=18 bucket_order=0
[    1.038898] zbud: loaded
[    1.040727] squashfs: version 4.0 (2009/01/31) Phillip Lougher
[    1.042578] fuse init (API version 7.26)
[    1.057227] Key type asymmetric registered
[    1.058567] Asymmetric key parser 'x509' registered
[    1.060730] Block layer SCSI generic (bsg) driver version 0.4 loaded (major 246)
[    1.069566] io scheduler noop registered
[    1.070541] io scheduler deadline registered
[    1.071752] io scheduler cfq registered (default)
[    1.073412] ACPI: AC Adapter [AC] (on-line)
[    1.075258] input: Power Button as /devices/LNXSYSTM:00/LNXPWRBN:00/input/input0
[    1.078174] ACPI: Power Button [PWRF]
[    1.079600] input: Sleep Button as /devices/LNXSYSTM:00/LNXSLPBN:00/input/input1
[    1.081833] ACPI: Sleep Button [SLPF]
[    1.086239] ACPI: Battery Slot [BAT0] (battery present)
[    1.087803] Serial: 8250/16550 driver, 32 ports, IRQ sharing enabled
[    1.110203] 00:02: ttyS0 at I/O 0x3f8 (irq = 4, base_baud = 115200) is a 16550A
[    1.117578] Linux agpgart interface v0.103
[    1.122489] loop: module loaded
[    1.126110] scsi host0: ata_piix
[    1.128361] scsi host1: ata_piix
[    1.129200] ata1: PATA max UDMA/33 cmd 0x1f0 ctl 0x3f6 bmdma 0xd000 irq 14
[    1.130549] ata2: PATA max UDMA/33 cmd 0x170 ctl 0x376 bmdma 0xd008 irq 15
[    1.131982] libphy: Fixed MDIO Bus: probed
[    1.132995] tun: Universal TUN/TAP device driver, 1.6
[    1.134740] PPP generic driver version 2.4.2
[    1.138699] ehci_hcd: USB 2.0 'Enhanced' Host Controller (EHCI) Driver
[    1.140790] ehci-pci: EHCI PCI platform driver
[    1.141849] ehci-platform: EHCI generic platform driver
[    1.143258] ohci_hcd: USB 1.1 'Open' Host Controller (OHCI) Driver
[    1.145345] ohci-pci: OHCI PCI platform driver
[    1.146349] ohci-platform: OHCI generic platform driver
[    1.147454] uhci_hcd: USB Universal Host Controller Interface driver
[    1.148755] i8042: PNP: PS/2 Controller [PNP0303:PS2K,PNP0f03:PS2M] at 0x60,0x64 irq 1,12
[    1.151225] serio: i8042 KBD port at 0x60,0x64 irq 1
[    1.153142] serio: i8042 AUX port at 0x60,0x64 irq 12
[    1.155353] mousedev: PS/2 mouse device common for all mice
[    1.159496] input: AT Translated Set 2 keyboard as /devices/platform/i8042/serio0/input/input2
[    1.163696] rtc_cmos rtc_cmos: rtc core: registered rtc_cmos as rtc0
[    1.166244] rtc_cmos rtc_cmos: alarms up to one day, 114 bytes nvram
[    1.168328] i2c /dev entries driver
[    1.170946] device-mapper: uevent: version 1.0.3
[    1.173295] device-mapper: ioctl: 4.37.0-ioctl (2017-09-20) initialised: dm-devel@redhat.com
[    1.176760] ledtrig-cpu: registered to indicate activity on CPUs
[    1.181043] NET: Registered protocol family 10
[    1.189409] Segment Routing with IPv6
[    1.190913] NET: Registered protocol family 17
[    1.193375] Key type dns_resolver registered
[    1.195834] mce: Using 0 MCE banks
[    1.196998] RAS: Correctable Errors collector initialized.
[    1.198462] sched_clock: Marking stable (1196955288, 0)->(1455320552, -258365264)
[    1.200901] registered taskstats version 1
[    1.202634] Loading compiled-in X.509 certificates
[    1.208700] Loaded X.509 cert 'Build time autogenerated kernel key: be62403dcace2d46f96dafa9f42421c610ef3c2a'
[    1.212393] zswap: loaded using pool lzo/zbud
[    1.218399] Key type big_key registered
[    1.219777] Key type trusted registered
[    1.225828] Key type encrypted registered
[    1.227110] AppArmor: AppArmor sha1 policy hashing enabled
[    1.229324] ima: No TPM chip found, activating TPM-bypass! (rc=-19)
[    1.230806] ima: Allocated hash algorithm: sha1
[    1.231950] evm: HMAC attrs: 0x1
[    1.233737]   Magic number: 12:413:25
[    1.236379] rtc_cmos rtc_cmos: setting system clock to 2020-11-30 11:00:59 UTC (1606734059)
[    1.238995] BIOS EDD facility v0.16 2004-Jun-25, 0 devices found
[    1.240235] EDD information not available.
[    1.330553] Freeing unused kernel image memory: 2436K
[    1.344565] Write protecting the kernel read-only data: 20480k
[    1.348027] Freeing unused kernel image memory: 2008K
[    1.352781] Freeing unused kernel image memory: 1872K
[    1.361712] x86/mm: Checked W+X mappings: passed, no W+X pages found.
[    1.364489] x86/mm: Checking user space page tables
[    1.373200] x86/mm: Checked W+X mappings: passed, no W+X pages found.
Loading, please wait...
starting version 237
[    1.494656] e1000: Intel(R) PRO/1000 Network Driver - version 7.3.21-k8-NAPI
[    1.497176] e1000: Copyright (c) 1999-2006 Intel Corporation.
[    1.498656] Fusion MPT base driver 3.04.20
[    1.499645] Copyright (c) 1999-2008 LSI Corporation
[    1.545149] Fusion MPT SPI Host driver 3.04.20
[    1.549922] AVX2 version of gcm_enc/dec engaged.
[    1.550898] AES CTR mode by8 optimization enabled
[    1.741502] input: ImExPS/2 Generic Explorer Mouse as /devices/platform/i8042/serio1/input/input4
[    1.978428] e1000 0000:00:03.0 eth0: (PCI:33MHz:32-bit) 02:45:4d:8a:ec:99
[    1.980319] e1000 0000:00:03.0 eth0: Intel(R) PRO/1000 Network Connection
[    2.449870] e1000 0000:00:08.0 eth1: (PCI:33MHz:32-bit) 08:00:27:91:02:ee
[    2.452666] e1000 0000:00:08.0 eth1: Intel(R) PRO/1000 Network Connection
[    2.466346] e1000 0000:00:08.0 enp0s8: renamed from eth1
[    2.471222] mptbase: ioc0: Initiating bringup
[    2.497059] e1000 0000:00:03.0 enp0s3: renamed from eth0
[    2.564825] ioc0: LSI53C1030 A0: Capabilities={Initiator}
[    2.808066] scsi host2: ioc0: LSI53C1030 A0, FwRev=00000000h, Ports=1, MaxQ=256, IRQ=20
[    2.979913] scsi 2:0:0:0: Direct-Access     VBOX     HARDDISK         1.0  PQ: 0 ANSI: 5
[    3.046188] scsi target2:0:0: Beginning Domain Validation
[    3.049971] scsi target2:0:0: Domain Validation skipping write tests
[    3.052577] scsi target2:0:0: Ending Domain Validation
[    3.054035] scsi target2:0:0: asynchronous
[    3.056085] scsi 2:0:1:0: Direct-Access     VBOX     HARDDISK         1.0  PQ: 0 ANSI: 5
[    3.975844] scsi target2:0:1: Beginning Domain Validation
[    3.980080] random: fast init done
[    3.981298] scsi target2:0:1: Domain Validation skipping write tests
[    3.984029] scsi target2:0:1: Ending Domain Validation
[    3.987374] scsi target2:0:1: asynchronous
[    4.000184] random: systemd-udevd: uninitialized urandom read (16 bytes read)
[    4.000431] sd 2:0:0:0: [sda] 20971520 512-byte logical blocks: (10.7 GB/10.0 GiB)
[    4.002193] random: systemd-udevd: uninitialized urandom read (16 bytes read)
[    4.004589] sd 2:0:0:0: [sda] Write Protect is off
[    4.006192] random: systemd-udevd: uninitialized urandom read (16 bytes read)
[    4.009131] sd 2:0:0:0: Attached scsi generic sg0 type 0
[    4.011130] sd 2:0:1:0: Attached scsi generic sg1 type 0
[    4.013067] sd 2:0:0:0: [sda] Incomplete mode parameter data
[    4.014633] sd 2:0:0:0: [sda] Assuming drive cache: write through
[    4.016855] sd 2:0:1:0: [sdb] 20480 512-byte logical blocks: (10.5 MB/10.0 MiB)
[    4.017986]  sda: sda1
[    4.021001] sd 2:0:1:0: [sdb] Write Protect is off
[    4.022086] sd 2:0:0:0: [sda] Attached SCSI disk
[    4.028286] sd 2:0:1:0: [sdb] Incomplete mode parameter data
[    4.029641] sd 2:0:1:0: [sdb] Assuming drive cache: write through
[    4.036399] sd 2:0:1:0: [sdb] Attached SCSI disk
Begin: Loading essential drivers ... [    5.740398] raid6: sse2x1   gen()  6357 MB/s
[    5.788077] raid6: sse2x1   xor()  5005 MB/s
[    5.836215] raid6: sse2x2   gen()  7023 MB/s
[    5.884191] raid6: sse2x2   xor()  6917 MB/s
[    5.932059] raid6: sse2x4   gen()  9988 MB/s
[    5.980784] raid6: sse2x4   xor()  4447 MB/s
[    6.028693] raid6: avx2x1   gen() 12026 MB/s
[    6.076603] raid6: avx2x1   xor()  9327 MB/s
[    6.124395] raid6: avx2x2   gen() 15991 MB/s
[    6.172385] raid6: avx2x2   xor() 11205 MB/s
[    6.220316] raid6: avx2x4   gen() 11789 MB/s
[    6.268659] raid6: avx2x4   xor()  6272 MB/s
[    6.269766] raid6: using algorithm avx2x2 gen() 15991 MB/s
[    6.271000] raid6: .... xor() 11205 MB/s, rmw enabled
[    6.272342] raid6: using avx2x2 recovery algorithm
[    6.275752] xor: automatically using best checksumming function   avx       
[    6.279348] async_tx: api initialized (async)
done.
Begin: Running /scripts/init-premount ... done.
Begin: Mounting root file system ... Begin: Running /scripts/local-top ... done.
Begin: Running /scripts/local-premount ... [    6.366343] Btrfs loaded, crc32c=crc32c-intel
Scanning for Btrfs filesystems
done.
Warning: fsck not present, so skipping root file system
[    6.419826] EXT4-fs (sda1): mounted filesystem with ordered data mode. Opts: (null)
done.
Begin: Running /scripts/local-bottom ... done.
Begin: Running /scripts/init-bottom ... done.
[    6.704015] ip_tables: (C) 2000-2006 Netfilter Core Team
[    6.718228] systemd[1]: systemd 237 running in system mode. (+PAM +AUDIT +SELINUX +IMA +APPARMOR +SMACK +SYSVINIT +UTMP +LIBCRYPTSETUP +GCRYPT +GNUTLS +ACL +XZ +LZ4 +SECCOMP +BLKID +ELFUTILS +KMOD -IDN2 +IDN -PCRE2 default-hierarchy=hybrid)
[    6.725364] systemd[1]: Detected virtualization oracle.
[    6.728908] systemd[1]: Detected architecture x86-64.

Welcome to [1mUbuntu 18.04.5 LTS[0m!

[    6.741316] systemd[1]: Set hostname to <ubuntu>.
[    6.749915] systemd[1]: Initializing machine ID from random generator.
[    6.752014] systemd[1]: Installed transient /etc/machine-id file.
[    7.121980] systemd[1]: Created slice User and Session Slice.
[[0;32m  OK  [0m] Created slice User and Session Slice.
[    7.127210] systemd[1]: Set up automount Arbitrary Executable File Formats File System Automount Point.
[[0;32m  OK  [0m] Set up automount Arbitrary Executabâ€¦rmats File System Automount Point.
[    7.131824] systemd[1]: Reached target User and Group Name Lookups.
[[0;32m  OK  [0m] Reached target User and Group Name Lookups.
[    7.136476] systemd[1]: Created slice System Slice.
[[0;32m  OK  [0m] Created slice System Slice.
[[0;32m  OK  [0m] Listening on Device-mapper event daemon FIFOs.
[[0;32m  OK  [0m] Listening on LVM2 poll daemon socket.
[[0;32m  OK  [0m] Listening on Syslog Socket.
[[0;32m  OK  [0m] Listening on udev Kernel Socket.
[[0;32m  OK  [0m] Listening on LVM2 metadata daemon socket.
[[0;32m  OK  [0m] Listening on Network Service Netlink Socket.
[[0;32m  OK  [0m] Listening on udev Control Socket.
[[0;32m  OK  [0m] Listening on /dev/initctl Compatibility Named Pipe.
[[0;32m  OK  [0m] Reached target Slices.
[[0;32m  OK  [0m] Listening on Journal Socket.
         Starting Create list of required stâ€¦ce nodes for the current kernel...
         Mounting POSIX Message Queue File System...
         Starting Set the console keyboard layout...
         Starting Monitoring of LVM2 mirrorsâ€¦ng dmeventd or progress polling...
[[0;32m  OK  [0m] Started Forward Password Requests to Wall Directory Watch.
         Starting Load Kernel Modules...
[[0;32m  OK  [0m] Listening on Journal Socket (/dev/log).
         Starting udev Coldplug all Devices...
[[0;32m  OK  [0m] Listening on Journal Audit Socket.
         Starting Journal Service...
[[0;32m  OK  [0m] Reached target Swap.
         Mounting Huge Pages File System...
         Starting Remount Root and Kernel File Systems...
[[0;32m  OK  [0m] Created slice system-serial\x2dgetty.slice.
         Mounting Kernel Debug File System...
         Starting Uncomplicated firewall...
[[0;32m  OK  [0m] Reached target System Time Synchronized.
[[0;32m  OK  [0m] Started Create list of required staâ€¦vice nodes for the current kernel.
[[0;32m  OK  [0m] Mounted POSIX Message Queue File System.
[[0;32m  OK  [0m] Mounted Huge Pages File System.
[[0;32m  OK  [0m] Mounted Kernel Debug File System.
[    7.333826] Loading iSCSI transport class v2.0-870.
[[0;32m  OK  [0m] Started LVM2 metadata daemon.
         Starting Create Static Device Nodes in /dev...
[[0;32m  OK  [0m] Started Uncomplicated firewall.
[    7.391921] iscsi: registered transport (tcp)
[[0;32m  OK  [0m] Started udev Coldplug all Devices.
[    7.424709] iscsi: registered transport (iser)
[[0;32m  OK  [0m] Started Load Kernel Modules.
         Mounting Kernel Configuration File System...
         Mounting FUSE Control File System...
         Starting Apply Kernel Variables...
[[0;32m  OK  [0m] Mounted Kernel Configuration File System.
[    7.449180] EXT4-fs (sda1): re-mounted. Opts: (null)
[[0;32m  OK  [0m] Mounted FUSE Control File System.
[[0;32m  OK  [0m] Started Remount Root and Kernel File Systems.
         Starting Load/Save Random Seed...
[[0;32m  OK  [0m] Started Journal Service.
[[0;32m  OK  [0m] Started Create Static Device Nodes in /dev.
         Starting udev Kernel Device Manager...
         Starting Flush Journal to Persistent Storage...
[[0;32m  OK  [0m] Started Load/Save Random Seed.
[[0;32m  OK  [0m] Started Apply Kernel Variables.
[[0;32m  OK  [0m] Started Monitoring of LVM2 mirrors,â€¦sing dmeventd or progress polling.
[[0;32m  OK  [0m] Started Set the console keyboard layout.
[[0;32m  OK  [0m] Reached target Local File Systems (Pre).
[[0;32m  OK  [0m] Reached target Local File Systems.
         Starting ebtables ruleset management...
         Starting AppArmor initialization...
         Starting Tell Plymouth To Write Out Runtime Data...
         Starting Commit a transient machine-id on disk...
         Starting Set console font and keymap...
[[0;32m  OK  [0m] Started udev Kernel Device Manager.
[[0;32m  OK  [0m] Started Dispatch Password Requests to Console Directory Watch.
[[0;32m  OK  [0m] Reached target Local Encrypted Volumes.
[[0;32m  OK  [0m] Started Tell Plymouth To Write Out Runtime Data.
[[0;32m  OK  [0m] Started Set console font and keymap.
[[0;32m  OK  [0m] Started Flush Journal to Persistent Storage.
         Starting Create Volatile Files and Directories...
[[0;32m  OK  [0m] Started Commit a transient machine-id on disk.
[[0;32m  OK  [0m] Started Create Volatile Files and Directories.
         Starting Update UTMP about System Boot/Shutdown...
[[0;32m  OK  [0m] Started ebtables ruleset management.
[[0;32m  OK  [0m] Started Update UTMP about System Boot/Shutdown.
[[0;32m  OK  [0m] Found device /dev/ttyS0.
[[0;32m  OK  [0m] Listening on Load/Save RF Kill Switch Status /dev/rfkill Watch.
[[0;32m  OK  [0m] Started AppArmor initialization.
         Starting Load AppArmor profiles managed internally by snapd...
         Starting Initial cloud-init job (pre-networking)...
[[0;32m  OK  [0m] Started Load AppArmor profiles managed internally by snapd.
[   11.832183] cloud-init[565]: Cloud-init v. 20.3-2-g371b392c-0ubuntu1~18.04.1 running 'init-local' at Mon, 30 Nov 2020 11:01:09 +0000. Up 11.08 seconds.
[[0;32m  OK  [0m] Started Initial cloud-init job (pre-networking).
[[0;32m  OK  [0m] Reached target Network (Pre).
         Starting Network Service...
[[0;32m  OK  [0m] Started Network Service.
         Starting Wait for Network to be Configured...
         Starting Network Name Resolution...
[[0;32m  OK  [0m] Started Network Name Resolution.
[[0;32m  OK  [0m] Reached target Network.
[[0;32m  OK  [0m] Reached target Host and Network Name Lookups.
[[0;32m  OK  [0m] Started Wait for Network to be Configured.
         Starting Initial cloud-init job (metadata service crawler)...
[   14.698320] cloud-init[679]: Cloud-init v. 20.3-2-g371b392c-0ubuntu1~18.04.1 running 'init' at Mon, 30 Nov 2020 11:01:12 +0000. Up 14.42 seconds.
[   14.700108] cloud-init[679]: ci-info: ++++++++++++++++++++++++++++++++++++++Net device info+++++++++++++++++++++++++++++++++++++++
[   14.702283] cloud-init[679]: ci-info: +--------+-------+----------------------------+---------------+--------+-------------------+
[   14.712940] cloud-init[679]: ci-info: | Device |   Up  |          Address           |      Mask     | Scope  |     Hw-Address    |
[   14.714368] cloud-init[679]: ci-info: +--------+-------+----------------------------+---------------+--------+-------------------+
[   14.716412] cloud-init[679]: ci-info: | enp0s3 |  True |         10.0.2.15          | 255.255.255.0 | global | 02:45:4d:8a:ec:99 |
[   14.717810] cloud-init[679]: ci-info: | enp0s3 |  True | fe80::45:4dff:fe8a:ec99/64 |       .       |  link  | 02:45:4d:8a:ec:99 |
[   14.722810] cloud-init[679]: ci-info: | enp0s8 | False |             .              |       .       |   .    | 08:00:27:91:02:ee |
[   14.724939] cloud-init[679]: ci-info: |   lo   |  True |         127.0.0.1          |   255.0.0.0   |  host  |         .         |
[   14.728830] cloud-init[679]: ci-info: |   lo   |  True |          ::1/128           |       .       |  host  |         .         |
[   14.740464] cloud-init[679]: ci-info: +--------+-------+----------------------------+---------------+--------+-------------------+
[   14.742973] cloud-init[679]: ci-info: ++++++++++++++++++++++++++++Route IPv4 info+++++++++++++++++++++++++++++
[   14.745023] cloud-init[679]: ci-info: +-------+-------------+----------+-----------------+-----------+-------+
[   14.747306] cloud-init[679]: ci-info: | Route | Destination | Gateway  |     Genmask     | Interface | Flags |
[   14.752011] cloud-init[679]: ci-info: +-------+-------------+----------+-----------------+-----------+-------+
[   14.754685] cloud-init[679]: ci-info: |   0   |   0.0.0.0   | 10.0.2.2 |     0.0.0.0     |   enp0s3  |   UG  |
[   14.761869] cloud-init[679]: ci-info: |   1   |   10.0.2.0  | 0.0.0.0  |  255.255.255.0  |   enp0s3  |   U   |
[   14.772402] cloud-init[679]: ci-info: |   2   |   10.0.2.2  | 0.0.0.0  | 255.255.255.255 |   enp0s3  |   UH  |
[   14.789105] cloud-init[679]: ci-info: +-------+-------------+----------+-----------------+-----------+-------+
[   14.791044] cloud-init[679]: ci-info: +++++++++++++++++++Route IPv6 info+++++++++++++++++++
[   14.793128] cloud-init[679]: ci-info: +-------+-------------+---------+-----------+-------+
[   14.795099] cloud-init[679]: ci-info: | Route | Destination | Gateway | Interface | Flags |
[   14.796438] cloud-init[679]: ci-info: +-------+-------------+---------+-----------+-------+
[   14.797742] cloud-init[679]: ci-info: |   1   |  fe80::/64  |    ::   |   enp0s3  |   U   |
[   14.798888] cloud-init[679]: ci-info: |   3   |    local    |    ::   |   enp0s3  |   U   |
[   14.800130] cloud-init[679]: ci-info: |   4   |   ff00::/8  |    ::   |   enp0s3  |   U   |
[   14.801305] cloud-init[679]: ci-info: +-------+-------------+---------+-----------+-------+
[   15.737953] cloud-init[679]: Generating public/private rsa key pair.
[   15.739016] cloud-init[679]: Your identification has been saved in /etc/ssh/ssh_host_rsa_key.
[   15.753736] cloud-init[679]: Your public key has been saved in /etc/ssh/ssh_host_rsa_key.pub.
[   15.756804] cloud-init[679]: The key fingerprint is:
[   15.769613] cloud-init[679]: SHA256:bYFwMqBh1Zq1h3i3gAsO1TPBx+hRUW2vzNC4qE3CaYU root@ubuntu-bionic
[   15.780852] cloud-init[679]: The key's randomart image is:
[   15.781762] cloud-init[679]: +---[RSA 2048]----+
[   15.792426] cloud-init[679]: |  o++B*oo.       |
[   15.805179] cloud-init[679]: | ..oB == .o      |
[   15.817043] cloud-init[679]: | ... % o.+..     |
[   15.818135] cloud-init[679]: |. . E * =....    |
[   15.819776] cloud-init[679]: | o o = =S*o.     |
[   15.820739] cloud-init[679]: |  . * o o.+      |
[   15.822090] cloud-init[679]: |   . =           |
[   15.823659] cloud-init[679]: |    . .          |
[   15.824393] cloud-init[679]: |                 |
[   15.825123] cloud-init[679]: +----[SHA256]-----+
[   15.836692] cloud-init[679]: Generating public/private dsa key pair.
[   15.849164] cloud-init[679]: Your identification has been saved in /etc/ssh/ssh_host_dsa_key.
[   15.852169] cloud-init[679]: Your public key has been saved in /etc/ssh/ssh_host_dsa_key.pub.
[   15.854230] cloud-init[679]: The key fingerprint is:
[   15.864675] cloud-init[679]: SHA256:XdHONmI0jx6uSsgKk0/Xiu9TfW1tJEB/X6nH5Py3eJc root@ubuntu-bionic
[   15.866092] cloud-init[679]: The key's randomart image is:
[   15.876354] cloud-init[679]: +---[DSA 1024]----+
[[0;32m  OK  [0m] Started Initial cloud-init job (metadata service crawler).
[   15.877349] cloud-init[679]: |           .o.   |
[[0;32m  OK  [0m] Reached target Network is Online.
[   15.888854] cloud-init[679]: |            +o. .|
         [   15.904674] cloud-init[679]: |           ..B.oo|
Starting Availability of block devices...
[[0;32m  OK  [0m] Reached target Remote File Systems (Pre).
[[0;32m  OK  [0m] Reached target Remote File Systems.[   15.905465] cloud-init[679]: |         . .= &.+|
[   15.907576] cloud-init[679]: |        S..+ * X.|

[[   15.907930] [0;32m  OK  [0mcloud-init] [679]: Reached target Cloud-config availability.|   . . o. . + + +|

[   15.908765] cloud-init[679]: |  + . +.o  o . .+|
[[0;32m  OK  [0m] Reached target System Initialization.
[   15.909975] cloud-init[679]: |   = +.o  .   .E+|
[   15.910189] cloud-init[679]: |    +o+...   ....|
[[   15.921974] cloud-init[679]: +----[SHA256]-----+
[   15.922557] cloud-init[0;32m  OK  [0m[679]: ] Generating public/private ecdsa key pair.Listening on Open-iSCSI iscsid Socket.

[   15.922866] cloud-init[679]: Your identification has been saved in /etc/ssh/ssh_host_ecdsa_key.
[[0;32m  OK  [0m] Started Daily Cleanup of Temporary Directories.
[   15.926465] cloud-init[679]: Your public key has been saved in /etc/ssh/ssh_host_ecdsa_key.pub.
[   15.941020] cloud-init[679]: The key fingerprint is:
[[   15.942116] [0;32m  OK  [0mcloud-init] [679]: Listening on UUID daemon activation socket.SHA256:lIdiCwSrrmwZJexX7PzRUb5RupejjPSgB0Izg/5sNnY root@ubuntu-bionic

[   15.944024] cloud-init[679]: The key's randomart image is:
[   15.947518] cloud-init[679]: +---[ECDSA 256]---+
[[0;32m  OK  [0m] Listening on D-Bus System Message Bus Socket.
[   15.949933] cloud-init[679]: |  ...            |
[   15.952216] cloud-init[679]: |   o     o . .   |
[   15.953403] cloud-init[679]: |. . + o + + o    |
[   15.953842] [cloud-init[679]: [0;32m  OK  [0m| + o X + o +     |] 
Started Discard unused blocks once a week.
[   15.954242] cloud-init[679]: |o + = = S . + .  |
[   15.968168] cloud-init[679]: |.o o + o + o +   |
[   15.968268] cloud-init[679]: | .+ o o = = o .  |
[   15.968336] cloud-init[679]: |oo   B E o +     |
         Starting Socket activation for snappy daemon.
[   15.968566] cloud-init[679]: |o.  + o .        |
[[0;32m  OK  [0m[   15.972155] cloud-init[679]: +----[SHA256]-----+
[   15.972548] cloud-init[679]: Generating public/private ed25519 key pair.
[   15.973447] cloud-init[679]: Your identification has been saved in /etc/ssh/ssh_host_ed25519_key.
[   15.974034] cloud-init[679]: Your public key has been saved in /etc/ssh/ssh_host_ed25519_key.pub.
[   15.974485] cloud-init[679]: The key fingerprint is:
[   15.975076] cloud-init[679]: SHA256:wFY7V9kMLgMBtXm4A0sV+NMPsa6niDWsFLaKb4hOKfo root@ubuntu-bionic
] [   15.975395] Started Daily apt download activities.cloud-init
[679]: The key's randomart image is:
[   15.975581] cloud-init[679]: +--[ED25519 256]--+
[   15.979214] cloud-init[679]: |      .+Bo  o=   |
[   15.979349] cloud-init[679]: |     ..o *.o. o  |
[   15.980131] cloud-init[679]: |      *.*.=o.    |
[   15.980591] cloud-init[679]: |     o +o=+o     |
[   15.981125] cloud-init[679]: |    o . So o     |
[   15.981712] cloud-init[679]: |  .. +   .. .    |
[   15.982230] cloud-init[679]: |o+  o +  .       |
[   15.982660] cloud-init[679]: |*..o + o. .      |
[   15.983194] cloud-init[679]: |+=E o . .o       |
[   15.983588] cloud-init[679]: +----[SHA256]-----+
[[0;32m  OK  [0m] Started Daily apt upgrade and clean activities.
[[0;32m  OK  [0m] Started Message of the Day.
[[0;32m  OK  [0m] Reached target Timers.
[[0;32m  OK  [0m] Started ACPI Events Check.
         Starting LXD - unix socket.
[[0;32m  OK  [0m] Listening on ACPID Listen Socket.
[[0;32m  OK  [0m] Reached target Paths.
[[0;32m  OK  [0m] Started Availability of block devices.
[[0;32m  OK  [0m] Listening on Socket activation for snappy daemon.
[[0;32m  OK  [0m] Listening on LXD - unix socket.
[[0;32m  OK  [0m] Reached target Sockets.
[[0;32m  OK  [0m] Reached target Basic System.
         Starting Permit User Sessions...
[[0;32m  OK  [0m] Started Deferred execution scheduler.
[[0;32m  OK  [0m] Started D-Bus System Message Bus.
         Starting LSB: automatic crash report generation...
[[0;32m  OK  [0m] Started Regular background program processing daemon.
[[0;32m  OK  [0m] Started irqbalance daemon.
         Starting Login Service...
[[0;32m  OK  [0m] Started FUSE filesystem for LXC.
         Starting Accounts Service...
         Starting LXD - container startup/shutdown...
         Starting Virtualbox guest utils...
         Starting Snap Daemon...
         Starting LSB: Record successful boot for GRUB...
         Starting Pollinate to seed the pseudo random number generator...
         Starting System Logging Service...
         Starting Dispatcher daemon for systemd-networkd...
[[0;32m  OK  [0m] Started System Logging Service.
[[0;32m  OK  [0m] Started Permit User Sessions.
[[0;32m  OK  [0m] Started Login Service.
[[0;32m  OK  [0m] Started Unattended Upgrades Shutdown.
         Starting Authorization Manager...
         Starting Hold until boot process finishes up...
         Starting Terminate Plymouth Boot Screen...
[[0;32m  OK  [0m] Started Hold until boot process finishes up.
         Starting Set console scheme...
[[0;32m  OK  [0m] Started Serial Getty on ttyS0.
[[0;32m  OK  [0m] Started Terminate Plymouth Boot Screen.
[[0;32m  OK  [0m] Started Set console scheme.
[[0;32m  OK  [0m] Created slice system-getty.slice.
[[0;32m  OK  [0m] Started Getty on tty1.
[[0;32m  OK  [0m] Reached target Login Prompts.
[[0;32m  OK  [0m] Started Authorization Manager.
[[0;32m  OK  [0m] Started Accounts Service.
[[0;32m  OK  [0m] Started LSB: automatic crash report generation.
[[0;32m  OK  [0m] Started LXD - container startup/shutdown.
[[0;32m  OK  [0m] Started LSB: Record successful boot for GRUB.
[[0;32m  OK  [0m] Started Virtualbox guest utils.
[[0;32m  OK  [0m] Started Dispatcher daemon for systemd-networkd.
[[0;32m  OK  [0m] Started Snap Daemon.
         Starting Wait until snapd is fully seeded...
[[0;32m  OK  [0m] Started Pollinate to seed the pseudo random number generator.
         Starting OpenBSD Secure Shell server...
[[0;32m  OK  [0m] Started OpenBSD Secure Shell server.
[[0;32m  OK  [0m] Created slice User Slice of vagrant.
         Starting User Manager for UID 1000...
[[0;32m  OK  [0m] Started Session 1 of user vagrant.
[[0;32m  OK  [0m] Started User Manager for UID 1000.
[[0;32m  OK  [0m] Started Wait until snapd is fully seeded.
         Starting Apply the settings specified in cloud-config...
[[0;32m  OK  [0m] Reached target Multi-User System.
[[0;32m  OK  [0m] Reached target Graphical Interface.
         Starting Update UTMP about System Runlevel Changes...
[[0;32m  OK  [0m] Started Update UTMP about System Runlevel Changes.
[   21.432451] cloud-init[1189]: Cloud-init v. 20.3-2-g371b392c-0ubuntu1~18.04.1 running 'modules:config' at Mon, 30 Nov 2020 11:01:18 +0000. Up 20.07 seconds.

Ubuntu 18.04.5 LTS ubuntu-bionic ttyS0

ubuntu-bionic login: ci-info: no authorized SSH keys fingerprints found for user ubuntu.
<14>Nov 30 11:01:21 ec2: 
<14>Nov 30 11:01:21 ec2: #############################################################
<14>Nov 30 11:01:21 ec2: -----BEGIN SSH HOST KEY FINGERPRINTS-----
<14>Nov 30 11:01:21 ec2: 1024 SHA256:XdHONmI0jx6uSsgKk0/Xiu9TfW1tJEB/X6nH5Py3eJc root@ubuntu-bionic (DSA)
<14>Nov 30 11:01:21 ec2: 256 SHA256:lIdiCwSrrmwZJexX7PzRUb5RupejjPSgB0Izg/5sNnY root@ubuntu-bionic (ECDSA)
<14>Nov 30 11:01:21 ec2: 256 SHA256:wFY7V9kMLgMBtXm4A0sV+NMPsa6niDWsFLaKb4hOKfo root@ubuntu-bionic (ED25519)
<14>Nov 30 11:01:21 ec2: 2048 SHA256:bYFwMqBh1Zq1h3i3gAsO1TPBx+hRUW2vzNC4qE3CaYU root@ubuntu-bionic (RSA)
<14>Nov 30 11:01:21 ec2: -----END SSH HOST KEY FINGERPRINTS-----
<14>Nov 30 11:01:21 ec2: #############################################################
-----BEGIN SSH HOST KEY KEYS-----
ecdsa-sha2-nistp256 AAAAE2VjZHNhLXNoYTItbmlzdHAyNTYAAAAIbmlzdHAyNTYAAABBBFIhJVUWcmuQ7ELSWFcF6ZdmsVOjNlDS5SYBlv/4ZpiS+/T8nYHFmC/XKEN0gKGhMNtar+CL4/NtuL5c66YWg+g= root@ubuntu-bionic
ssh-ed25519 AAAAC3NzaC1lZDI1NTE5AAAAIM7SNA0VCCaYrcR25rgl61Bg0Vp0fcMjjJOHLZS3ULqw root@ubuntu-bionic
ssh-rsa AAAAB3NzaC1yc2EAAAADAQABAAABAQDcyjfSQBUGHs110uRx2Ec6D4o9JBQcX0O1CobgFCQAM8bIYAfmVEnMa/MaAH6yUkAJo1nTzjXdlH3+yBCB+SaogUi3/debKJ/mXJjn0xc7iKaU2UpyC/PQyNxa48Wgm769cwILPeThetM9U6DwhBeMWqSYJX9DxrA6aFVLjkaTskgmd/E2YKpVUB3fJ8gBQ15H9DBcBXhJorISq6Wg0b4TNjZU7F1oSyk8PYRKS+imT1lpNKUB4lIVlkNwOqfYWxwJHVsAeUrkUTsiS9jJ5UWxTOrl765MV47BsipUv8FKXwmlkd97Pl0+k/BjjfZkTS3C6BFr6giQKJ9LjUw5yIob root@ubuntu-bionic
-----END SSH HOST KEY KEYS-----
[   23.460432] cloud-init[1308]: Cloud-init v. 20.3-2-g371b392c-0ubuntu1~18.04.1 running 'modules:final' at Mon, 30 Nov 2020 11:01:21 +0000. Up 23.00 seconds.
[   23.460653] cloud-init[1308]: ci-info: no authorized SSH keys fingerprints found for user ubuntu.
[   23.460774] cloud-init[1308]: Cloud-init v. 20.3-2-g371b392c-0ubuntu1~18.04.1 finished at Mon, 30 Nov 2020 11:01:21 +0000. Datasource DataSourceNoCloud [seed=/dev/sdb][dsmode=net].  Up 23.42 seconds
